// Jest Snapshot v1, https://goo.gl/fbAQLP

exports[`Render Quote 1`] = `
<div
  className="main-container-quote"
>
  <div
    className="quote-container"
  >
    <h2
      className="h2-quote"
    >
      Mathematics is not about numbers, equations, computations, or algorithms: it is about understanding.- William Paul Thurston
    </h2>
  </div>
</div>
`;
