// Jest Snapshot v1, https://goo.gl/fbAQLP

exports[`Render Calculator 1`] = `
<div
  className="container"
>
  <div
    className="keypad"
  >
    <p
      className="div1 buttonsEvt"
      data-testid="testH2"
    >
      0
    </p>
    <button
      className="buttonsEvt"
      name="A/C"
      onClick={[Function]}
      type="button"
    >
      AC
    </button>
    <button
      className="buttonsEvt"
      name="+/-"
      onClick={[Function]}
      type="button"
    >
      +/-
    </button>
    <button
      className="buttonsEvt"
      name="%"
      onClick={[Function]}
      type="button"
    >
      %
    </button>
    <button
      className="orange-buttons buttonsEvt"
      name="รท"
      onClick={[Function]}
      type="button"
    >
      รท
    </button>
    <button
      className="buttonsEvt"
      name="7"
      onClick={[Function]}
      type="button"
    >
      7
    </button>
    <button
      className="buttonsEvt"
      name="8"
      onClick={[Function]}
      type="button"
    >
      8
    </button>
    <button
      className="buttonsEvt"
      name="9"
      onClick={[Function]}
      type="button"
    >
      9
    </button>
    <button
      className="orange-buttons buttonsEvt"
      name="*"
      onClick={[Function]}
      type="button"
    >
      x
    </button>
    <button
      className="buttonsEvt"
      name="4"
      onClick={[Function]}
      type="button"
    >
      4
    </button>
    <button
      className="buttonsEvt"
      name="5"
      onClick={[Function]}
      type="button"
    >
      5
    </button>
    <button
      className="buttonsEvt"
      name="6"
      onClick={[Function]}
      type="button"
    >
      6
    </button>
    <button
      className="orange-buttons buttonsEvt"
      name="-"
      onClick={[Function]}
      type="button"
    >
      -
    </button>
    <button
      className="buttonsEvt"
      name="1"
      onClick={[Function]}
      type="button"
    >
      1
    </button>
    <button
      className="buttonsEvt"
      name="2"
      onClick={[Function]}
      type="button"
    >
      2
    </button>
    <button
      className="buttonsEvt"
      name="3"
      onClick={[Function]}
      type="button"
    >
      3
    </button>
    <button
      className="orange-buttons buttonsEvt"
      name="+"
      onClick={[Function]}
      type="button"
    >
      +
    </button>
    <button
      className="div2 buttonsEvt"
      name="0"
      onClick={[Function]}
      type="button"
    >
      0
    </button>
    <button
      className="buttonsEvt"
      name="."
      onClick={[Function]}
      type="button"
    >
      .
    </button>
    <button
      className="orange-buttons buttonsEvt"
      name="="
      onClick={[Function]}
      type="button"
    >
      =
    </button>
  </div>
</div>
`;
